TypeError: argument handler must be a function
    at Route.<computed> [as get] (C:\Users\kusumanjali\OneDrive\Desktop\smart-agriculture\backend\node_modules\router\lib\route.js:228:15)
    at Router.<computed> [as get] (C:\Users\kusumanjali\OneDrive\Desktop\smart-agriculture\backend\node_modules\router\index.js:448:19)
    at Object.<anonymous> (C:\Users\kusumanjali\OneDrive\Desktop\smart-agriculture\backend\routes\dashboard.js:8:8)
    at Module._compile (node:internal/modules/cjs/loader:1730:14)
    at Object..js (node:internal/modules/cjs/loader:1895:10)
    at Module.load (node:internal/modules/cjs/loader:1465:32)
    at Function._load (node:internal/modules/cjs/loader:1282:12)
    at TracingChannel.traceSync (node:diagnostics_channel:322:14)
    at wrapModuleLoad (node:internal/modules/cjs/loader:235:24)
    at Module.require (node:internal/modules/cjs/loader:1487:12)